// Jest Snapshot v1, https://goo.gl/fbAQLP

exports[`Reply component displays reply button 1`] = `
<div>
  <div
    class="reply-container"
  >
    <form
      aria-label="reply form"
      class="reply-form"
    >
      <label
        for="post-author"
      >
        Name:
        <span
          id="post-author"
        >
          Anonymous
        </span>
      </label>
      <label
        for="post-content"
      >
        Comment:
        <textarea
          id="post-content"
          name="post-content"
          rows="6"
        />
      </label>
      <label
        for="post-image"
      >
        Image:
        <input
          accept="image/jpeg, image/gif, image/png"
          id="post-image"
          name="post=image"
          type="file"
        />
      </label>
      <span
        class="error"
        hidden=""
      />
      <div
        class="buttons visible"
      >
        <button
          type="button"
        >
          CANCEL
        </button>
        <button
          type="button"
        >
          POST
        </button>
      </div>
      <div
        class="loading hidden"
      >
        <span>
          Uploading...
        </span>
        <img
          alt=""
          src="loading.gif"
        />
      </div>
    </form>
    <a
      href="/undefined"
    >
      Back to /undefined/
    </a>
  </div>
</div>
`;
